[    0.000000] Linux version 4.15.0-208-generic (buildd@lcy02-amd64-015) (gcc version 7.5.0 (Ubuntu 7.5.0-3ubuntu1~18.04)) #220-Ubuntu SMP Mon Mar 20 14:27:01 UTC 2023 (Ubuntu 4.15.0-208.220-generic 4.15.18)
[    0.000000] Command line: BOOT_IMAGE=/boot/vmlinuz-4.15.0-208-generic root=LABEL=cloudimg-rootfs ro console=tty1 console=ttyS0
[    0.000000] KERNEL supported cpus:
[    0.000000]   Intel GenuineIntel
[    0.000000]   AMD AuthenticAMD
[    0.000000]   Centaur CentaurHauls
[    0.000000] x86/fpu: Supporting XSAVE feature 0x001: 'x87 floating point registers'
[    0.000000] x86/fpu: Supporting XSAVE feature 0x002: 'SSE registers'
[    0.000000] x86/fpu: Supporting XSAVE feature 0x004: 'AVX registers'
[    0.000000] x86/fpu: xstate_offset[2]:  576, xstate_sizes[2]:  256
[    0.000000] x86/fpu: Enabled xstate features 0x7, context size is 832 bytes, using 'standard' format.
[    0.000000] e820: BIOS-provided physical RAM map:
[    0.000000] BIOS-e820: [mem 0x0000000000000000-0x000000000009fbff] usable
[    0.000000] BIOS-e820: [mem 0x000000000009fc00-0x000000000009ffff] reserved
[    0.000000] BIOS-e820: [mem 0x00000000000f0000-0x00000000000fffff] reserved
[    0.000000] BIOS-e820: [mem 0x0000000000100000-0x000000003ffeffff] usable
[    0.000000] BIOS-e820: [mem 0x000000003fff0000-0x000000003fffffff] ACPI data
[    0.000000] BIOS-e820: [mem 0x00000000fec00000-0x00000000fec00fff] reserved
[    0.000000] BIOS-e820: [mem 0x00000000fee00000-0x00000000fee00fff] reserved
[    0.000000] BIOS-e820: [mem 0x00000000fffc0000-0x00000000ffffffff] reserved
[    0.000000] NX (Execute Disable) protection: active
[    0.000000] SMBIOS 2.5 present.
[    0.000000] DMI: innotek GmbH VirtualBox/VirtualBox, BIOS VirtualBox 12/01/2006
[    0.000000] Hypervisor detected: KVM
[    0.000000] e820: last_pfn = 0x3fff0 max_arch_pfn = 0x400000000
[    0.000000] MTRR: Disabled
[    0.000000] x86/PAT: MTRRs disabled, skipping PAT initialization too.
[    0.000000] CPU MTRRs all blank - virtualized system.
[    0.000000] x86/PAT: Configuration [0-7]: WB  WT  UC- UC  WB  WT  UC- UC  
[    0.000000] found SMP MP-table at [mem 0x0009fff0-0x0009ffff]
[    0.000000] Scanning 1 areas for low memory corruption
[    0.000000] RAMDISK: [mem 0x359c9000-0x36cdbfff]
[    0.000000] ACPI: Early table checksum verification disabled
[    0.000000] ACPI: RSDP 0x00000000000E0000 000024 (v02 VBOX  )
[    0.000000] ACPI: XSDT 0x000000003FFF0030 00003C (v01 VBOX   VBOXXSDT 00000001 ASL  00000061)
[    0.000000] ACPI: FACP 0x000000003FFF00F0 0000F4 (v04 VBOX   VBOXFACP 00000001 ASL  00000061)
[    0.000000] ACPI: DSDT 0x000000003FFF0610 002353 (v02 VBOX   VBOXBIOS 00000002 INTL 20100528)
[    0.000000] ACPI: FACS 0x000000003FFF0200 000040
[    0.000000] ACPI: FACS 0x000000003FFF0200 000040
[    0.000000] ACPI: APIC 0x000000003FFF0240 00005C (v02 VBOX   VBOXAPIC 00000001 ASL  00000061)
[    0.000000] ACPI: SSDT 0x000000003FFF02A0 00036C (v01 VBOX   VBOXCPUT 00000002 INTL 20100528)
[    0.000000] ACPI: Reserving FACP table memory at [mem 0x3fff00f0-0x3fff01e3]
[    0.000000] ACPI: Reserving DSDT table memory at [mem 0x3fff0610-0x3fff2962]
[    0.000000] ACPI: Reserving FACS table memory at [mem 0x3fff0200-0x3fff023f]
[    0.000000] ACPI: Reserving FACS table memory at [mem 0x3fff0200-0x3fff023f]
[    0.000000] ACPI: Reserving APIC table memory at [mem 0x3fff0240-0x3fff029b]
[    0.000000] ACPI: Reserving SSDT table memory at [mem 0x3fff02a0-0x3fff060b]
[    0.000000] No NUMA configuration found
[    0.000000] Faking a node at [mem 0x0000000000000000-0x000000003ffeffff]
[    0.000000] NODE_DATA(0) allocated [mem 0x3ffc5000-0x3ffeffff]
[    0.000000] kvm-clock: cpu 0, msr 0:3ff44001, primary cpu clock
[    0.000000] kvm-clock: Using msrs 4b564d01 and 4b564d00
[    0.000000] kvm-clock: using sched offset of 2976514213 cycles
[    0.000000] clocksource: kvm-clock: mask: 0xffffffffffffffff max_cycles: 0x1cd42e4dffb, max_idle_ns: 881590591483 ns
[    0.000000] Zone ranges:
[    0.000000]   DMA      [mem 0x0000000000001000-0x0000000000ffffff]
[    0.000000]   DMA32    [mem 0x0000000001000000-0x000000003ffeffff]
[    0.000000]   Normal   empty
[    0.000000]   Device   empty
[    0.000000] Movable zone start for each node
[    0.000000] Early memory node ranges
[    0.000000]   node   0: [mem 0x0000000000001000-0x000000000009efff]
[    0.000000]   node   0: [mem 0x0000000000100000-0x000000003ffeffff]
[    0.000000] Reserved but unavailable: 104 pages
[    0.000000] Initmem setup node 0 [mem 0x0000000000001000-0x000000003ffeffff]
[    0.000000] ACPI: PM-Timer IO Port: 0x4008
[    0.000000] IOAPIC[0]: apic_id 2, version 32, address 0xfec00000, GSI 0-23
[    0.000000] ACPI: INT_SRC_OVR (bus 0 bus_irq 0 global_irq 2 dfl dfl)
[    0.000000] ACPI: INT_SRC_OVR (bus 0 bus_irq 9 global_irq 9 low level)
[    0.000000] Using ACPI (MADT) for SMP configuration information
[    0.000000] smpboot: Allowing 2 CPUs, 0 hotplug CPUs
[    0.000000] PM: Registered nosave memory: [mem 0x00000000-0x00000fff]
[    0.000000] PM: Registered nosave memory: [mem 0x0009f000-0x0009ffff]
[    0.000000] PM: Registered nosave memory: [mem 0x000a0000-0x000effff]
[    0.000000] PM: Registered nosave memory: [mem 0x000f0000-0x000fffff]
[    0.000000] e820: [mem 0x40000000-0xfebfffff] available for PCI devices
[    0.000000] Booting paravirtualized kernel on KVM
[    0.000000] clocksource: refined-jiffies: mask: 0xffffffff max_cycles: 0xffffffff, max_idle_ns: 7645519600211568 ns
[    0.000000] setup_percpu: NR_CPUS:8192 nr_cpumask_bits:2 nr_cpu_ids:2 nr_node_ids:1
[    0.000000] percpu: Embedded 50 pages/cpu s167936 r8192 d28672 u1048576
[    0.000000] PV qspinlock hash table entries: 256 (order: 0, 4096 bytes)
[    0.000000] Built 1 zonelists, mobility grouping on.  Total pages: 257913
[    0.000000] Policy zone: DMA32
[    0.000000] Kernel command line: BOOT_IMAGE=/boot/vmlinuz-4.15.0-208-generic root=LABEL=cloudimg-rootfs ro console=tty1 console=ttyS0
[    0.000000] Memory: 982640K/1048120K available (12300K kernel code, 2477K rwdata, 4324K rodata, 2480K init, 2720K bss, 65480K reserved, 0K cma-reserved)
[    0.000000] SLUB: HWalign=64, Order=0-3, MinObjects=0, CPUs=2, Nodes=1
[    0.000000] ftrace: allocating 39494 entries in 155 pages
[    0.004000] Hierarchical RCU implementation.
[    0.004000] 	RCU restricting CPUs from NR_CPUS=8192 to nr_cpu_ids=2.
[    0.004000] 	Tasks RCU enabled.
[    0.004000] RCU: Adjusting geometry for rcu_fanout_leaf=16, nr_cpu_ids=2
[    0.004000] NR_IRQS: 524544, nr_irqs: 440, preallocated irqs: 16
[    0.004000] random: crng init done
[    0.004000] Console: colour VGA+ 80x25
[    0.004000] console [tty1] enabled
[    0.004000] console [ttyS0] enabled
[    0.004000] ACPI: Core revision 20170831
[    0.004000] ACPI: 2 ACPI AML tables successfully acquired and loaded
[    0.004000] APIC: Switch to symmetric I/O mode setup
[    0.004000] x2apic enabled
[    0.004000] Switched APIC routing to physical x2apic.
[    0.004000] ..TIMER: vector=0x30 apic1=0 pin1=2 apic2=-1 pin2=-1
[    0.004000] tsc: Detected 3000.000 MHz processor
[    0.004000] Calibrating delay loop (skipped) preset value.. 6000.00 BogoMIPS (lpj=12000000)
[    0.004003] pid_max: default: 32768 minimum: 301
[    0.004527] Security Framework initialized
[    0.005023] Yama: becoming mindful.
[    0.005437] AppArmor: AppArmor initialized
[    0.005989] Dentry cache hash table entries: 131072 (order: 8, 1048576 bytes)
[    0.006777] Inode-cache hash table entries: 65536 (order: 7, 524288 bytes)
[    0.008008] Mount-cache hash table entries: 2048 (order: 2, 16384 bytes)
[    0.008723] Mountpoint-cache hash table entries: 2048 (order: 2, 16384 bytes)
[    0.009670] Last level iTLB entries: 4KB 128, 2MB 8, 4MB 8
[    0.010263] Last level dTLB entries: 4KB 64, 2MB 0, 4MB 0, 1GB 4
[    0.010905] Spectre V1 : Mitigation: usercopy/swapgs barriers and __user pointer sanitization
[    0.011818] Spectre V2 : Mitigation: Retpolines
[    0.012001] Spectre V2 : Spectre v2 / SpectreRSB mitigation: Filling RSB on context switch
[    0.012886] Spectre V2 : Spectre v2 / SpectreRSB : Filling RSB on VMEXIT
[    0.013675] RETBleed: WARNING: Spectre v2 mitigation leaves CPU vulnerable to RETBleed attacks, data leaks possible!
[    0.014941] RETBleed: Vulnerable
[    0.015317] Speculative Store Bypass: Vulnerable
[    0.016022] MMIO Stale Data: Vulnerable: Clear CPU buffers attempted, no microcode
[    0.016837] SRBDS: Unknown: Dependent on hypervisor status
[    0.017582] Freeing SMP alternatives memory: 36K
[    0.128045] smpboot: CPU0: Intel(R) Core(TM) i7-9700 CPU @ 3.00GHz (family: 0x6, model: 0x9e, stepping: 0xd)
[    0.129748] Performance Events: unsupported p6 CPU model 158 no PMU driver, software events only.
[    0.131151] Hierarchical SRCU implementation.
[    0.132000] NMI watchdog: Perf event create on CPU 0 failed with -2
[    0.132002] NMI watchdog: Perf NMI watchdog permanently disabled
[    0.132696] smp: Bringing up secondary CPUs ...
[    0.133277] x86: Booting SMP configuration:
[    0.134059] .... node  #0, CPUs:      #1
[    0.004000] kvm-clock: cpu 1, msr 0:3ff44041, secondary cpu clock
[    0.138181] smp: Brought up 1 node, 2 CPUs
[    0.138181] smpboot: Max logical packages: 1
[    0.138181] smpboot: Total of 2 processors activated (12000.00 BogoMIPS)
[    0.140093] devtmpfs: initialized
[    0.140583] x86/mm: Memory block size: 128MB
[    0.141436] evm: security.selinux
[    0.141937] evm: security.SMACK64
[    0.142474] evm: security.SMACK64EXEC
[    0.143031] evm: security.SMACK64TRANSMUTE
[    0.144003] evm: security.SMACK64MMAP
[    0.144437] evm: security.apparmor
[    0.144846] evm: security.ima
[    0.145208] evm: security.capability
[    0.145673] clocksource: jiffies: mask: 0xffffffff max_cycles: 0xffffffff, max_idle_ns: 7645041785100000 ns
[    0.145673] futex hash table entries: 512 (order: 3, 32768 bytes)
[    0.145809] pinctrl core: initialized pinctrl subsystem
[    0.148115] RTC time:  7:15:08, date: 04/24/23
[    0.148737] NET: Registered protocol family 16
[    0.149291] audit: initializing netlink subsys (disabled)
[    0.149911] audit: type=2000 audit(1682320512.181:1): state=initialized audit_enabled=0 res=1
[    0.149911] cpuidle: using governor ladder
[    0.152007] cpuidle: using governor menu
[    0.152485] ACPI: bus type PCI registered
[    0.152958] acpiphp: ACPI Hot Plug PCI Controller Driver version: 0.5
[    0.153716] PCI: Using configuration type 1 for base access
[    0.154364] HugeTLB registered 2.00 MiB page size, pre-allocated 0 pages
[    0.156038] ACPI: Added _OSI(Module Device)
[    0.156521] ACPI: Added _OSI(Processor Device)
[    0.157032] ACPI: Added _OSI(3.0 _SCP Extensions)
[    0.157564] ACPI: Added _OSI(Processor Aggregator Device)
[    0.158173] ACPI: Added _OSI(Linux-Dell-Video)
[    0.158857] ACPI: Added _OSI(Linux-Lenovo-NV-HDMI-Audio)
[    0.159451] ACPI: Added _OSI(Linux-HPI-Hybrid-Graphics)
[    0.160184] ACPI: Executed 1 blocks of module-level executable AML code
[    0.163089] ACPI: Interpreter enabled
[    0.164010] ACPI: (supports S0 S5)
[    0.164417] ACPI: Using IOAPIC for interrupt routing
[    0.165125] PCI: Using host bridge windows from ACPI; if necessary, use "pci=nocrs" and report a bug
[    0.166235] ACPI: Enabled 2 GPEs in block 00 to 07
[    0.170790] ACPI: PCI Root Bridge [PCI0] (domain 0000 [bus 00-ff])
[    0.171774] acpi PNP0A03:00: _OSC: OS supports [ASPM ClockPM Segments MSI]
[    0.172316] acpi PNP0A03:00: _OSC: not requesting OS control; OS requires [ExtendedConfig ASPM ClockPM MSI]
[    0.173396] acpi PNP0A03:00: fail to add MMCONFIG information, can't access extended PCI configuration space under this bridge.
[    0.174949] PCI host bridge to bus 0000:00
[    0.175430] pci_bus 0000:00: root bus resource [io  0x0000-0x0cf7 window]
[    0.176003] pci_bus 0000:00: root bus resource [io  0x0d00-0xffff window]
[    0.176794] pci_bus 0000:00: root bus resource [mem 0x000a0000-0x000bffff window]
[    0.177655] pci_bus 0000:00: root bus resource [mem 0x40000000-0xfdffffff window]
[    0.178501] pci_bus 0000:00: root bus resource [bus 00-ff]
[    0.181237] pci 0000:00:01.1: legacy IDE quirk: reg 0x10: [io  0x01f0-0x01f7]
[    0.182022] pci 0000:00:01.1: legacy IDE quirk: reg 0x14: [io  0x03f6]
[    0.182881] pci 0000:00:01.1: legacy IDE quirk: reg 0x18: [io  0x0170-0x0177]
[    0.183691] pci 0000:00:01.1: legacy IDE quirk: reg 0x1c: [io  0x0376]
[    0.194250] pci 0000:00:07.0: quirk: [io  0x4000-0x403f] claimed by PIIX4 ACPI
[    0.195122] pci 0000:00:07.0: quirk: [io  0x4100-0x410f] claimed by PIIX4 SMB
[    0.200964] ACPI: PCI Interrupt Link [LNKA] (IRQs 5 9 10 *11)
[    0.201921] ACPI: PCI Interrupt Link [LNKB] (IRQs 5 9 *10 11)
[    0.202651] ACPI: PCI Interrupt Link [LNKC] (IRQs 5 *9 10 11)
[    0.203359] ACPI: PCI Interrupt Link [LNKD] (IRQs 5 9 10 *11)
[    0.204190] SCSI subsystem initialized
[    0.204655] pci 0000:00:02.0: vgaarb: setting as boot VGA device
[    0.204675] pci 0000:00:02.0: vgaarb: VGA device added: decodes=io+mem,owns=io+mem,locks=none
[    0.205619] pci 0000:00:02.0: vgaarb: bridge control possible
[    0.206335] vgaarb: loaded
[    0.206682] ACPI: bus type USB registered
[    0.207163] usbcore: registered new interface driver usbfs
[    0.208012] usbcore: registered new interface driver hub
[    0.208606] usbcore: registered new device driver usb
[    0.209203] EDAC MC: Ver: 3.0.0
[    0.209203] PCI: Using ACPI for IRQ routing
[    0.209203] NetLabel: Initializing
[    0.209203] NetLabel:  domain hash size = 128
[    0.209574] NetLabel:  protocols = UNLABELED CIPSOv4 CALIPSO
[    0.212015] NetLabel:  unlabeled traffic allowed by default
[    0.212650] clocksource: Switched to clocksource kvm-clock
[    0.218957] VFS: Disk quotas dquot_6.6.0
[    0.219639] VFS: Dquot-cache hash table entries: 512 (order 0, 4096 bytes)
[    0.220703] AppArmor: AppArmor Filesystem Enabled
[    0.221476] pnp: PnP ACPI init
[    0.222632] pnp: PnP ACPI: found 3 devices
[    0.230934] clocksource: acpi_pm: mask: 0xffffff max_cycles: 0xffffff, max_idle_ns: 2085701024 ns
[    0.232114] NET: Registered protocol family 2
[    0.232656] IP idents hash table entries: 16384 (order: 5, 131072 bytes)
[    0.233814] TCP established hash table entries: 8192 (order: 4, 65536 bytes)
[    0.234621] TCP bind hash table entries: 8192 (order: 5, 131072 bytes)
[    0.235356] TCP: Hash tables configured (established 8192 bind 8192)
[    0.236093] UDP hash table entries: 512 (order: 2, 16384 bytes)
[    0.236809] UDP-Lite hash table entries: 512 (order: 2, 16384 bytes)
[    0.237626] NET: Registered protocol family 1
[    0.238133] pci 0000:00:00.0: Limiting direct PCI/PCI transfers
[    0.238806] pci 0000:00:01.0: Activating ISA DMA hang workarounds
[    0.239511] pci 0000:00:02.0: Video device with shadowed ROM at [mem 0x000c0000-0x000dffff]
[    0.240534] Unpacking initramfs...
[    0.431518] Freeing initrd memory: 19532K
[    0.432262] clocksource: tsc: mask: 0xffffffffffffffff max_cycles: 0x2b3e459bf4c, max_idle_ns: 440795289890 ns
[    0.433794] platform rtc_cmos: registered platform RTC device (no PNP device found)
[    0.435056] Scanning for low memory corruption every 60 seconds
[    0.436255] Initialise system trusted keyrings
[    0.436770] Key type blacklist registered
[    0.437350] workingset: timestamp_bits=36 max_order=18 bucket_order=0
[    0.438637] zbud: loaded
[    0.439320] squashfs: version 4.0 (2009/01/31) Phillip Lougher
[    0.440106] fuse init (API version 7.26)
[    0.441880] Key type asymmetric registered
[    0.442343] Asymmetric key parser 'x509' registered
[    0.442903] Block layer SCSI generic (bsg) driver version 0.4 loaded (major 246)
[    0.443773] io scheduler noop registered
[    0.444237] io scheduler deadline registered
[    0.444738] io scheduler cfq registered (default)
[    0.445472] ACPI: AC Adapter [AC] (on-line)
[    0.446038] input: Power Button as /devices/LNXSYSTM:00/LNXPWRBN:00/input/input0
[    0.446932] ACPI: Power Button [PWRF]
[    0.447391] input: Sleep Button as /devices/LNXSYSTM:00/LNXSLPBN:00/input/input1
[    0.448207] ACPI: Sleep Button [SLPF]
[    0.448929] Serial: 8250/16550 driver, 32 ports, IRQ sharing enabled
[    0.470100] 00:02: ttyS0 at I/O 0x3f8 (irq = 4, base_baud = 115200) is a 16550A
[    0.473338] Linux agpgart interface v0.103
[    0.474850] loop: module loaded
[    0.475707] scsi host0: ata_piix
[    0.476388] scsi host1: ata_piix
[    0.477056] ata1: PATA max UDMA/33 cmd 0x1f0 ctl 0x3f6 bmdma 0xd000 irq 14
[    0.477937] ata2: PATA max UDMA/33 cmd 0x170 ctl 0x376 bmdma 0xd008 irq 15
[    0.478717] tun: Universal TUN/TAP device driver, 1.6
[    0.479392] PPP generic driver version 2.4.2
[    0.480023] ehci_hcd: USB 2.0 'Enhanced' Host Controller (EHCI) Driver
[    0.480726] ehci-pci: EHCI PCI platform driver
[    0.481285] ehci-platform: EHCI generic platform driver
[    0.481995] ohci_hcd: USB 1.1 'Open' Host Controller (OHCI) Driver
[    0.482721] ohci-pci: OHCI PCI platform driver
[    0.483289] ohci-platform: OHCI generic platform driver
[    0.483987] uhci_hcd: USB Universal Host Controller Interface driver
[    0.484756] i8042: PNP: PS/2 Controller [PNP0303:PS2K,PNP0f03:PS2M] at 0x60,0x64 irq 1,12
[    0.486045] serio: i8042 KBD port at 0x60,0x64 irq 1
[    0.486632] serio: i8042 AUX port at 0x60,0x64 irq 12
[    0.487313] mousedev: PS/2 mouse device common for all mice
[    0.488380] rtc_cmos rtc_cmos: rtc core: registered rtc_cmos as rtc0
[    0.489116] rtc_cmos rtc_cmos: alarms up to one day, 114 bytes nvram
[    0.489836] i2c /dev entries driver
[    0.490272] input: AT Translated Set 2 keyboard as /devices/platform/i8042/serio0/input/input2
[    0.491249] device-mapper: uevent: version 1.0.3
[    0.491953] device-mapper: ioctl: 4.37.0-ioctl (2017-09-20) initialised: dm-devel@redhat.com
[    0.492960] ledtrig-cpu: registered to indicate activity on CPUs
[    0.493859] NET: Registered protocol family 10
[    0.496242] Segment Routing with IPv6
[    0.496761] NET: Registered protocol family 17
[    0.497343] Key type dns_resolver registered
[    0.497964] mce: Using 0 MCE banks
[    0.498365] RAS: Correctable Errors collector initialized.
[    0.498964] sched_clock: Marking stable (497948213, 0)->(596510462, -98562249)
[    0.500133] registered taskstats version 1
[    0.500605] Loading compiled-in X.509 certificates
[    0.502305] Loaded X.509 cert 'Build time autogenerated kernel key: 05d3fa630a0ed8a65520e390196b077fd5e65720'
[    0.503721] Loaded X.509 cert 'Canonical Ltd. Live Patch Signing: 14df34d1a87cf37625abec039ef2bf521249b969'
[    0.505179] Loaded X.509 cert 'Canonical Ltd. Kernel Module Signing: 88f752e560a1e0737e31163a466ad7b70a850c19'
[    0.506252] blacklist: Loading compiled-in revocation X.509 certificates
[    0.506979] Loaded X.509 cert 'Canonical Ltd. Secure Boot Signing: 61482aa2830d0ab2ad5af10b7250da9033ddcef0'
[    0.508139] Loaded X.509 cert 'Canonical Ltd. Secure Boot Signing (2017): 242ade75ac4a15e50d50c84b0d45ff3eae707a03'
[    0.509261] Loaded X.509 cert 'Canonical Ltd. Secure Boot Signing (ESM 2018): 365188c1d374d6b07c3c8f240f8ef722433d6a8b'
[    0.510506] Loaded X.509 cert 'Canonical Ltd. Secure Boot Signing (2019): c0746fd6c5da3ae827864651ad66ae47fe24b3e8'
[    0.511685] Loaded X.509 cert 'Canonical Ltd. Secure Boot Signing (2021 v1): a8d54bbb3825cfb94fa13c9f8a594a195c107b8d'
[    0.512897] Loaded X.509 cert 'Canonical Ltd. Secure Boot Signing (2021 v2): 4cf046892d6fd3c9a5b03f98d845f90851dc6a8c'
[    0.514096] Loaded X.509 cert 'Canonical Ltd. Secure Boot Signing (2021 v3): 100437bb6de6e469b581e61cd66bce3ef4ed53af'
[    0.515248] Loaded X.509 cert 'Canonical Ltd. Secure Boot Signing (Ubuntu Core 2019): c1d57b8f6b743f23ee41f4f7ee292f06eecadfb9'
[    0.516646] zswap: loaded using pool lzo/zbud
[    0.518918] Key type big_key registered
[    0.519360] Key type trusted registered
[    0.520665] Key type encrypted registered
[    0.521123] AppArmor: AppArmor sha1 policy hashing enabled
[    0.521735] ima: No TPM chip found, activating TPM-bypass! (rc=-19)
[    0.522412] ima: Allocated hash algorithm: sha1
[    0.522967] evm: HMAC attrs: 0x1
[    0.523504]   Magic number: 3:252:269
[    0.524027] rtc_cmos rtc_cmos: setting system clock to 2023-04-24 07:15:08 UTC (1682320508)
[    0.525031] BIOS EDD facility v0.16 2004-Jun-25, 0 devices found
[    0.525716] EDD information not available.
[    0.661901] Freeing unused kernel image memory: 2480K
[    0.895003] Write protecting the kernel read-only data: 20480k
[    0.900655] Freeing unused kernel image memory: 2008K
[    0.901766] Freeing unused kernel image memory: 1820K
[    0.908155] x86/mm: Checked W+X mappings: passed, no W+X pages found.
Loading, please wait...
starting version 237
[    0.944415] e1000: Intel(R) PRO/1000 Network Driver - version 7.3.21-k8-NAPI
[    0.945413] e1000: Copyright (c) 1999-2006 Intel Corporation.
[    0.946337] Fusion MPT base driver 3.04.20
[    0.947006] Copyright (c) 1999-2008 LSI Corporation
[    0.958082] Fusion MPT SPI Host driver 3.04.20
[    0.961360] AVX2 version of gcm_enc/dec engaged.
[    0.962010] AES CTR mode by8 optimization enabled
[    1.153125] input: ImExPS/2 Generic Explorer Mouse as /devices/platform/i8042/serio1/input/input4
[    1.298761] e1000 0000:00:03.0 eth0: (PCI:33MHz:32-bit) 02:c6:32:08:e7:11
[    1.299946] e1000 0000:00:03.0 eth0: Intel(R) PRO/1000 Network Connection
[    1.301716] mptbase: ioc0: Initiating bringup
[    1.408795] ioc0: LSI53C1030 A0: Capabilities={Initiator}
[    1.658661] scsi host2: ioc0: LSI53C1030 A0, FwRev=00000000h, Ports=1, MaxQ=256, IRQ=20
[    1.826267] scsi 2:0:0:0: Direct-Access     VBOX     HARDDISK         1.0  PQ: 0 ANSI: 5
[    1.884084] scsi target2:0:0: Beginning Domain Validation
[    1.886390] scsi target2:0:0: Domain Validation skipping write tests
[    1.887329] scsi target2:0:0: Ending Domain Validation
[    1.888104] scsi target2:0:0: asynchronous
[    1.889000] scsi 2:0:1:0: Direct-Access     VBOX     HARDDISK         1.0  PQ: 0 ANSI: 5
[    2.164931] scsi target2:0:1: Beginning Domain Validation
[    2.167518] scsi target2:0:1: Domain Validation skipping write tests
[    2.168529] scsi target2:0:1: Ending Domain Validation
[    2.169447] scsi target2:0:1: asynchronous
[    2.173304] sd 2:0:0:0: [sda] 83886080 512-byte logical blocks: (42.9 GB/40.0 GiB)
[    2.174511] sd 2:0:0:0: [sda] Write Protect is off
[    2.175339] sd 2:0:0:0: [sda] Incomplete mode parameter data
[    2.176158] sd 2:0:0:0: [sda] Assuming drive cache: write through
[    2.177260] sd 2:0:0:0: Attached scsi generic sg0 type 0
[    2.178806] sd 2:0:1:0: Attached scsi generic sg1 type 0
[    2.179981] sd 2:0:1:0: [sdb] 20480 512-byte logical blocks: (10.5 MB/10.0 MiB)
[    2.180545]  sda: sda1
[    2.182161] sd 2:0:0:0: [sda] Attached SCSI disk
[    2.185078] sd 2:0:1:0: [sdb] Write Protect is off
[    2.190649] sd 2:0:1:0: [sdb] Incomplete mode parameter data
[    2.191570] sd 2:0:1:0: [sdb] Assuming drive cache: write through
[    2.194461] e1000 0000:00:08.0 eth1: (PCI:33MHz:32-bit) 08:00:27:bf:1d:15
[    2.195389] e1000 0000:00:08.0 eth1: Intel(R) PRO/1000 Network Connection
[    2.199608] sd 2:0:1:0: [sdb] Attached SCSI disk
[    2.201198] e1000 0000:00:08.0 enp0s8: renamed from eth1
[    2.217633] e1000 0000:00:03.0 enp0s3: renamed from eth0
Begin: Loading essential drivers ... [    3.544058] raid6: sse2x1   gen() 15454 MB/s
[    3.592047] raid6: sse2x1   xor()  9023 MB/s
[    3.640055] raid6: sse2x2   gen() 19170 MB/s
[    3.688055] raid6: sse2x2   xor() 12173 MB/s
[    3.736062] raid6: sse2x4   gen() 20127 MB/s
[    3.784045] raid6: sse2x4   xor() 11755 MB/s
[    3.832062] raid6: avx2x1   gen() 31000 MB/s
[    3.880051] raid6: avx2x1   xor() 17989 MB/s
[    3.928476] raid6: avx2x2   gen() 36406 MB/s
[    3.976056] raid6: avx2x2   xor() 23773 MB/s
[    4.024033] raid6: avx2x4   gen() 39821 MB/s
[    4.072066] raid6: avx2x4   xor() 23930 MB/s
[    4.072700] raid6: using algorithm avx2x4 gen() 39821 MB/s
[    4.073549] raid6: .... xor() 23930 MB/s, rmw enabled
[    4.074332] raid6: using avx2x2 recovery algorithm
[    4.075935] xor: automatically using best checksumming function   avx       
[    4.077644] async_tx: api initialized (async)
done.
Begin: Running /scripts/init-premount ... done.
Begin: Mounting root file system ... Begin: Running /scripts/local-top ... done.
Begin: Running /scripts/local-premount ... [    4.104687] Btrfs loaded, crc32c=crc32c-intel
Scanning for Btrfs filesystems
done.
Warning: fsck not present, so skipping root file system
[    4.126505] EXT4-fs (sda1): mounted filesystem with ordered data mode. Opts: (null)
done.
Begin: Running /scripts/local-bottom ... done.
Begin: Running /scripts/init-bottom ... done.
[    4.279566] ip_tables: (C) 2000-2006 Netfilter Core Team
[    4.287417] systemd[1]: systemd 237 running in system mode. (+PAM +AUDIT +SELINUX +IMA +APPARMOR +SMACK +SYSVINIT +UTMP +LIBCRYPTSETUP +GCRYPT +GNUTLS +ACL +XZ +LZ4 +SECCOMP +BLKID +ELFUTILS +KMOD -IDN2 +IDN -PCRE2 default-hierarchy=hybrid)
[    4.290589] systemd[1]: Detected virtualization oracle.
[    4.291180] systemd[1]: Detected architecture x86-64.

Welcome to [1mUbuntu 18.04.6 LTS[0m!

[    4.295104] systemd[1]: Set hostname to <ubuntu>.
[    4.298463] systemd[1]: Initializing machine ID from random generator.
[    4.299373] systemd[1]: Installed transient /etc/machine-id file.
[    4.508592] systemd[1]: Started Forward Password Requests to Wall Directory Watch.
[[0;32m  OK  [0m] Started Forward Password Requests to Wall Directory Watch.
[    4.520198] systemd[1]: Reached target Mounting snaps.
[[0;32m  OK  [0m] Reached target Mounting snaps.
[    4.532211] systemd[1]: Reached target Swap.
[[0;32m  OK  [0m] Reached target Swap.
[    4.545456] systemd[1]: Created slice System Slice.
[[0;32m  OK  [0m] Created slice System Slice.
[[0;32m  OK  [0m] Listening on Journal Audit Socket.
[[0;32m  OK  [0m] Listening on udev Kernel Socket.
[[0;32m  OK  [0m] Listening on /dev/initctl Compatibility Named Pipe.
[[0;32m  OK  [0m] Listening on udev Control Socket.
[[0;32m  OK  [0m] Listening on Device-mapper event daemon FIFOs.
[[0;32m  OK  [0m] Created slice system-serial\x2dgetty.slice.
[[0;32m  OK  [0m] Listening on LVM2 poll daemon socket.
[[0;32m  OK  [0m] Listening on fsck to fsckd communication Socket.
[[0;32m  OK  [0m] Listening on Journal Socket (/dev/log).
[[0;32m  OK  [0m] Reached target System Time Synchronized.
[[0;32m  OK  [0m] Created slice User and Session Slice.
[[0;32m  OK  [0m] Listening on Syslog Socket.
[[0;32m  OK  [0m] Listening on LVM2 metadata daemon socket.
[[0;32m  OK  [0m] Reached target Mounted snaps.
[[0;32m  OK  [0m] Reached target User and Group Name Lookups.
[[0;32m  OK  [0m] Set up automount Arbitrary Executabâ€¦rmats File System Automount Point.
[[0;32m  OK  [0m] Listening on Network Service Netlink Socket.
[[0;32m  OK  [0m] Reached target Slices.
[[0;32m  OK  [0m] Listening on Journal Socket.
         Starting udev Coldplug all Devices...
         Starting Uncomplicated firewall...
         Mounting Huge Pages File System...
         Starting Journal Service...
         Starting Set the console keyboard layout...
         Mounting Kernel Debug File System...
         Starting Monitoring of LVM2 mirrorsâ€¦ng dmeventd or progress polling...
         Mounting POSIX Message Queue File System...
         Starting File System Check on Root Device...
         Starting Load Kernel Modules...
         Starting Create list of required stâ€¦ce nodes for the current kernel...
[[0;32m  OK  [0m] Started Journal Service.
[[0;32m  OK  [0m] Started Uncomplicated firewall.
[    4.798237] Loading iSCSI transport class v2.0-870.
[[0;32m  OK  [0m] Mounted Huge Pages File System.
[    4.804819] iscsi: registered transport (tcp)
[[0;32m  OK  [0m] Mounted Kernel Debug File System.
[    4.819647] iscsi: registered transport (iser)
[[0;32m  OK  [0m] Mounted POSIX Message Queue File System.
[[0;32m  OK  [0m] Started Load Kernel Modules.
[[0;32m  OK  [0m] Started Create list of required staâ€¦vice nodes for the current kernel.
[[0;32m  OK  [0m] Started udev Coldplug all Devices.
[[0;32m  OK  [0m] Started File System Check on Root Device.
[[0;32m  OK  [0m] Started File System Check Daemon to report status.
[[0;32m  OK  [0m] Started LVM2 metadata daemon.
         Starting Remount Root and Kernel File Systems...
         Starting Create Static Device Nodes in /dev...
         Mounting Kernel Configuration File System...
         Mounting FUSE Control File System...
         Starting Apply Kernel Variables...
[[0;32m  OK  [0m] Mounted Kernel Configuration File System.
[[0;32m  OK  [0m] Mounted FUSE Control File System.
[[0;32m  OK  [0m] Started Create S[    4.988169] EXT4-fs (sda1): re-mounted. Opts: (null)
tatic Device Nodes in /dev.
[[0;32m  OK  [0m] Started Remount Root and Kernel File Systems.
         Starting Load/Save Random Seed...
         Starting Flush Journal to Persistent Storage...
         Starting udev Kernel Device Manager...
[[0;32m  OK  [0m] Started Monitoring of LVM2 mirrors,â€¦sing dmeventd or progress polling.
[[0;32m  OK  [0m] Started Load/Save Random Seed.
[[0;32m  OK  [0m] Started udev Kernel Device Manager.
[[0;32m  OK  [0m] Started Apply Kernel Variables.
[[0;32m  OK  [0m] Started Flush Journal to Persistent Storage.
[[0;32m  OK  [0m] Found device /dev/ttyS0.
[[0;32m  OK  [0m] Listening on Load/Save RF Kill Switch Status /dev/rfkill Watch.
         Mounting Arbitrary Executable File Formats File System...
[[0;32m  OK  [0m] Mounted Arbitrary Executable File Formats File System.
[[0;32m  OK  [0m] Started Set the console keyboard layout.
[[0;32m  OK  [0m] Started Dispatch Password Requests to Console Directory Watch.
[[0;32m  OK  [0m] Reached target Local Encrypted Volumes.
[[0;32m  OK  [0m] Reached target Local File Systems (Pre).
[[0;32m  OK  [0m] Reached target Local File Systems.
         Starting Create Volatile Files and Directories...
         Starting Tell Plymouth To Write Out Runtime Data...
         Starting ebtables ruleset management...
         Starting AppArmor initialization...
         Starting Commit a transient machine-id on disk...
         Starting Set console font and keymap...
[[0;32m  OK  [0m] Started Create Volatile Files and Directories.
[[0;32m  OK  [0m] Started Tell Plymouth To Write Out Runtime Data.
         Starting Update UTMP about System Boot/Shutdown...
[[0;32m  OK  [0m] Started Update UTMP about System Boot/Shutdown.
[[0;32m  OK  [0m] Started Commit a transient machine-id on disk.
[[0;32m  OK  [0m] Started ebtables ruleset management.
[[0;32m  OK  [0m] Started AppArmor initialization.
         Starting Initial cloud-init job (pre-networking)...
         Starting Load AppArmor profiles managed internally by snapd...
[[0;32m  OK  [0m] Started Load AppArmor profiles managed internally by snapd.
[[0;32m  OK  [0m] Started Set console font and keymap.
[    6.872480] cloud-init[866]: Cloud-init v. 23.1.1-0ubuntu0~18.04.1 running 'init-local' at Mon, 24 Apr 2023 07:15:14 +0000. Up 6.67 seconds.
[[0;32m  OK  [0m] Started Initial cloud-init job (pre-networking).
[[0;32m  OK  [0m] Reached target Network (Pre).
         Starting Network Service...
[[0;32m  OK  [0m] Started Network Service.
         Starting Wait for Network to be Configured...
         Starting Network Name Resolution...
[[0;32m  OK  [0m] Started Network Name Resolution.
[[0;32m  OK  [0m] Reached target Host and Network Name Lookups.
[[0;32m  OK  [0m] Reached target Network.
[[0;32m  OK  [0m] Started Wait for Network to be Configured.
         Starting Initial cloud-init job (metadata service crawler)...
[    8.580435] cloud-init[1036]: Cloud-init v. 23.1.1-0ubuntu0~18.04.1 running 'init' at Mon, 24 Apr 2023 07:15:16 +0000. Up 8.49 seconds.
[    8.592123] cloud-init[1036]: ci-info: ++++++++++++++++++++++++++++++++++++++Net device info+++++++++++++++++++++++++++++++++++++++
[    8.604743] cloud-init[1036]: ci-info: +--------+-------+----------------------------+---------------+--------+-------------------+
[    8.616720] cloud-init[1036]: ci-info: | Device |   Up  |          Address           |      Mask     | Scope  |     Hw-Address    |
[    8.617805] cloud-init[1036]: ci-info: +--------+-------+----------------------------+---------------+--------+-------------------+
[    8.618467] cloud-init[1036]: ci-info: | enp0s3 |  True |         10.0.2.15          | 255.255.255.0 | global | 02:c6:32:08:e7:11 |
[    8.619233] cloud-init[1036]: ci-info: | enp0s3 |  True | fe80::c6:32ff:fe08:e711/64 |       .       |  link  | 02:c6:32:08:e7:11 |
[    8.620194] cloud-init[1036]: ci-info: | enp0s8 | False |             .              |       .       |   .    | 08:00:27:bf:1d:15 |
[    8.621101] cloud-init[1036]: ci-info: |   lo   |  True |         127.0.0.1          |   255.0.0.0   |  host  |         .         |
[    8.622030] cloud-init[1036]: ci-info: |   lo   |  True |          ::1/128           |       .       |  host  |         .         |
[    8.622960] cloud-init[1036]: ci-info: +--------+-------+----------------------------+---------------+--------+-------------------+
[    8.623795] cloud-init[1036]: ci-info: ++++++++++++++++++++++++++++Route IPv4 info+++++++++++++++++++++++++++++
[    8.624544] cloud-init[1036]: ci-info: +-------+-------------+----------+-----------------+-----------+-------+
[    8.625283] cloud-init[1036]: ci-info: | Route | Destination | Gateway  |     Genmask     | Interface | Flags |
[    8.626024] cloud-init[1036]: ci-info: +-------+-------------+----------+-----------------+-----------+-------+
[    8.626755] cloud-init[1036]: ci-info: |   0   |   0.0.0.0   | 10.0.2.2 |     0.0.0.0     |   enp0s3  |   UG  |
[    8.627491] cloud-init[1036]: ci-info: |   1   |   10.0.2.0  | 0.0.0.0  |  255.255.255.0  |   enp0s3  |   U   |
[    8.628235] cloud-init[1036]: ci-info: |   2   |   10.0.2.2  | 0.0.0.0  | 255.255.255.255 |   enp0s3  |   UH  |
[    8.628967] cloud-init[1036]: ci-info: +-------+-------------+----------+-----------------+-----------+-------+
[    8.629730] cloud-init[1036]: ci-info: +++++++++++++++++++Route IPv6 info+++++++++++++++++++
[    8.630360] cloud-init[1036]: ci-info: +-------+-------------+---------+-----------+-------+
[    8.631002] cloud-init[1036]: ci-info: | Route | Destination | Gateway | Interface | Flags |
[    8.631634] cloud-init[1036]: ci-info: +-------+-------------+---------+-----------+-------+
[    8.632286] cloud-init[1036]: ci-info: |   1   |  fe80::/64  |    ::   |   enp0s3  |   U   |
[    8.634051] cloud-init[1036]: ci-info: |   3   |    local    |    ::   |   enp0s3  |   U   |
[    8.634798] cloud-init[1036]: ci-info: |   4   |   ff00::/8  |    ::   |   enp0s3  |   U   |
[    8.635541] cloud-init[1036]: ci-info: +-------+-------------+---------+-----------+-------+
[    9.089438] cloud-init[1036]: Generating public/private rsa key pair.
[    9.104180] cloud-init[1036]: Your identification has been saved in /etc/ssh/ssh_host_rsa_key.
[    9.116194] cloud-init[1036]: Your public key has been saved in /etc/ssh/ssh_host_rsa_key.pub.
[[0;32m  OK  [0m] Started Initial cloud-init job (metadata service crawler).
[    9.132127] cloud-init[1036]: The key fingerprint is:
[[0;32m  OK  [0m] Reached target System Initialization.
[    9.156539] cloud-init[1036]: SHA256:QADpZk0DAmYpcF/GOE0wJIlPZTGZDYh87hC/MSVXY0Y root@ubuntu-bionic
[[0;32m  OK  [0m] Started Daily Cleanup of Temporary Directories.
[    9.168820] cloud-init[1036]: The key's randomart image is:
[[    9.192268] [0;32m  OK  [0mcloud-init] [1036]: Listening on D-Bus System Message Bus Socket.+---[RSA 2048]----+

[    9.192310] cloud-init[1036]: |B=*O@&BE         |
[[    9.217463] [0;32m  OK  [0mcloud-init] [1036]: Listening on cloud-init hotplug hook socket.|**=*BO* .        |

         [    9.232323] Starting Socket activation for snappy daemon.cloud-init
[1036]: |.+=o=o.          |
[    9.233178] cloud-init[1036]: | .==.  .         |
[    9.245158] cloud-init[1036]: | oo +   S        |
[    9.245247] cloud-init[1036]: |   o             |
[    9.245337] cloud-init[1036]: |                 |
         [    9.245651] Starting LXD - unix socket.cloud-init
[1036]: |                 |
[    9.245715] cloud-init[1036]: |                 |
[    9.245947] cloud-init[1036]: +----[SHA256]-----+
[    9.246040] cloud-init[1036]: Generating public/private dsa key pair.
[    9.246343] cloud-init[1036]: Your identification has been saved in /etc/ssh/ssh_host_dsa_key.
[    9.246467] cloud-init[1036]: Your public key has been saved in /etc/ssh/ssh_host_dsa_key.pub.
[[0;32m  OK  [0m] Listening on ACPID Listen Socket.
[    9.250320] cloud-init[1036]: The key fingerprint is:
[[0;32m  OK  [0m] Listening on Open-iSCSI iscsid Socket.
[    9.251331] cloud-init[1036]: SHA256:EFx0/4GCL03WBLoy4e5OZlyav6KJB/5JxzlVOLyJVp4 root@ubuntu-bionic
[    9.252520] cloud-init[1036]: The key's randomart image is:
[    9.252981] cloud-init[1036]: +---[DSA 1024]----+
[[    9.253388] cloud-init[1036]: |     ..oo o..    |
[    9.253464] cloud-init[1036]: |      .o = + .   |
[0;32m  OK  [0m] Started Discard unused blocks once a week.
[[    9.253669] cloud-init[1036]: |      o B = + .  |
[    9.254546] cloud-init[1036]: |     . * % . . . |
[0;32m  OK  [0m] Started Ubuntu Advantage Timer for running repeated jobs.
[    9.254727] cloud-init[1036]: |      * E o   .  |
[    9.256209] cloud-init[1036]: |  .  = O .       |
[    9.256617] cloud-init[1036]: | . .. &          |
[[0;32m  OK  [0m[    9.257023] cloud-init[1036]: |  .o.O.o         |
[    9.257177] cloud-init[1036]: |  .o=oo.o.       |
[    9.257453] cloud-init[1036]: +----[SHA256]-----+
[    9.257745] cloud-init[1036]: Generating public/private ecdsa key pair.
[    9.258012] cloud-init[1036]: Your identification has been saved in /etc/ssh/ssh_host_ecdsa_key.
[    9.258283] cloud-init[1036]: Your public key has been saved in /etc/ssh/ssh_host_ecdsa_key.pub.
[    9.258553] cloud-init[1036]: The key fingerprint is:
] Started ACPI Events Check.
[[    9.258643] cloud-init[1036]: SHA256:BJXVIMHLTmXO8KSZwE3tVs60kryIwStclQngw6pOIok root@ubuntu-bionic
[    9.260408] cloud-init[1036]: The key's randomart image is:
[    9.260682] cloud-init[1036]: +---[ECDSA 256]---+
[    9.260951] cloud-init[1036]: |    .oo*=Boo     |
[    9.261217] cloud-init[1036]: |   o  o.O.= +    |
[    9.261397] cloud-init[1036]: |    +. +./ * .   |
[    9.261685] cloud-init[1036]: |   . .+.B X +    |
[    9.261955] cloud-init[1036]: |  .. . *So o     |
[    9.262230] cloud-init[1036]: |.o  o o o .      |
[    9.262520] cloud-init[1036]: |E.   .           |
[0;32m  OK  [0m] Reached target Paths.
[    9.262546] cloud-init[1036]: |=                |
[[    9.264527] cloud-init[1036]: | .               |
[    9.264593] cloud-init[1036]: +----[SHA256]-----+
[    9.264863] cloud-init[1036]: Generating public/private ed25519 key pair.
[    9.265133] cloud-init[1036]: Your identification has been saved in /etc/ssh/ssh_host_ed25519_key.
[    9.265408] cloud-init[1036]: Your public key has been saved in /etc/ssh/ssh_host_ed25519_key.pub.
[    9.265690] cloud-init[1036]: The key fingerprint is:
[0;32m  OK  [0m] Started Message of the Day.
[    9.265905] cloud-init[1036]: SHA256:dxIo0WWH2p1WDhuFvVrSIGfA4EI9ci+BnBILszyN4Z8 root@ubuntu-bionic
[[0;32m  OK  [0m[    9.268305] cloud-init[1036]: The key's randomart image is:
[    9.268461] cloud-init[1036]: +--[ED25519 256]--+
[    9.268730] cloud-init[1036]: |  + .oo=.++o.+.  |
[    9.269009] cloud-init[1036]: | o B.o=o*o+.B o  |
[    9.269285] cloud-init[1036]: |  * o.ooo*.= X . |
[    9.269576] cloud-init[1036]: |   o . oo o.* =  |
[    9.269855] cloud-init[1036]: |    E   S.o..+   |
[    9.270131] cloud-init[1036]: |         . o.    |
[    9.270430] cloud-init[1036]: |                 |
[    9.270691] cloud-init[1036]: |                 |
[    9.270998] cloud-init[1036]: |                 |
[    9.271241] cloud-init[1036]: +----[SHA256]-----+
] Started Daily apt download activities.
[[0;32m  OK  [0m] Started Daily apt upgrade and clean activities.
[[0;32m  OK  [0m] Reached target Timers.
[[0;32m  OK  [0m] Listening on UUID daemon activation socket.
[[0;32m  OK  [0m] Reached target Cloud-config availability.
[[0;32m  OK  [0m] Reached target Network is Online.
         Starting Availability of block devices...
[[0;32m  OK  [0m] Reached target Remote File Systems (Pre).
[[0;32m  OK  [0m] Reached target Remote File Systems.
[[0;32m  OK  [0m] Listening on Socket activation for snappy daemon.
[[0;32m  OK  [0m] Listening on LXD - unix socket.
[[0;32m  OK  [0m] Started Availability of block devices.
[[0;32m  OK  [0m] Reached target Sockets.
[[0;32m  OK  [0m] Reached target Basic System.
         Starting Login Service...
         Starting LSB: automatic crash report generation...
[[0;32m  OK  [0m] Reached target Login Prompts (Pre).
         Starting Virtualbox guest utils...
[[0;32m  OK  [0m] Started irqbalance daemon.
         Starting Permit User Sessions...
         Starting LSB: Record successful boot for GRUB...
         Starting LXD - container startup/shutdown...
         Starting Pollinate to seed the pseudo random number generator...
         Starting Dispatcher daemon for systemd-networkd...
[[0;32m  OK  [0m] Started Deferred execution scheduler.
         Starting Accounts Service...
         Starting Snap Daemon...
         Starting System Logging Service...
[[0;32m  OK  [0m] Started Regular background program processing daemon.
[[0;32m  OK  [0m] Started FUSE filesystem for LXC.
[[0;32m  OK  [0m] Started D-Bus System Message Bus.
[[0;32m  OK  [0m] Started Login Service.
[[0;32m  OK  [0m] Started Unattended Upgrades Shutdown.
[[0;32m  OK  [0m] Started System Logging Service.
[[0;32m  OK  [0m] Started Dispatcher daemon for systemd-networkd.
[[0;32m  OK  [0m] Started Permit User Sessions.
[[0;32m  OK  [0m] Started LXD - container startup/shutdown.
         Starting Authorization Manager...
         Starting Hold until boot process finishes up...
         Starting Terminate Plymouth Boot Screen...
[[0;32m  OK  [0m] Started LSB: automatic crash report generation.
[[0;32m  OK  [0m] Started Hold until boot process finishes up.
[[0;32m  OK  [0m] Started Terminate Plymouth Boot Screen.
[[0;32m  OK  [0m] Started Authorization Manager.
[[0;32m  OK  [0m] Started Accounts Service.
         Starting Set console scheme...
[[0;32m  OK  [0m] Started Serial Getty on ttyS0.
[[0;32m  OK  [0m] Started LSB: Record successful boot for GRUB.
[[0;32m  OK  [0m] Started Set console scheme.
[[0;32m  OK  [0m] Created slice system-getty.slice.
[[0;32m  OK  [0m] Started Getty on tty1.
[[0;32m  OK  [0m] Reached target Login Prompts.
[[0;32m  OK  [0m] Started Virtualbox guest utils.
[[0;32m  OK  [0m] Started Snap Daemon.
         Starting Wait until snapd is fully seeded...
[[0;32m  OK  [0m] Started Pollinate to seed the pseudo random number generator.
         Starting OpenBSD Secure Shell server...
[[0;32m  OK  [0m] Started OpenBSD Secure Shell server.
         Starting Time & Date Service...
[[0;32m  OK  [0m] Started Time & Date Service.
[[0;32m  OK  [0m] Started Wait until snapd is fully seeded.
         Starting Apply the settings specified in cloud-config...
[   11.924205] cloud-init[1749]: Cloud-init v. 23.1.1-0ubuntu0~18.04.1 running 'modules:config' at Mon, 24 Apr 2023 07:15:19 +0000. Up 11.62 seconds.
[[0;32m  OK  [0m] Started Apply the settings specified in cloud-config.
[[0;32m  OK  [0m] Reached target Multi-User System.
         Starting Execute cloud user/final scripts...
[[0;32m  OK  [0m] Reached target Graphical Interface.
         Starting Update UTMP about System Runlevel Changes...
[[0;32m  OK  [0m] Started Update UTMP about System Runlevel Changes.
ci-info: no authorized SSH keys fingerprints found for user ubuntu.
<14>Apr 24 07:15:20 cloud-init: #############################################################
<14>Apr 24 07:15:20 cloud-init: -----BEGIN SSH HOST KEY FINGERPRINTS-----
<14>Apr 24 07:15:20 cloud-init: 1024 SHA256:EFx0/4GCL03WBLoy4e5OZlyav6KJB/5JxzlVOLyJVp4 root@ubuntu-bionic (DSA)
<14>Apr 24 07:15:20 cloud-init: 256 SHA256:BJXVIMHLTmXO8KSZwE3tVs60kryIwStclQngw6pOIok root@ubuntu-bionic (ECDSA)
<14>Apr 24 07:15:20 cloud-init: 256 SHA256:dxIo0WWH2p1WDhuFvVrSIGfA4EI9ci+BnBILszyN4Z8 root@ubuntu-bionic (ED25519)
<14>Apr 24 07:15:20 cloud-init: 2048 SHA256:QADpZk0DAmYpcF/GOE0wJIlPZTGZDYh87hC/MSVXY0Y root@ubuntu-bionic (RSA)
<14>Apr 24 07:15:20 cloud-init: -----END SSH HOST KEY FINGERPRINTS-----
<14>Apr 24 07:15:20 cloud-init: #############################################################
-----BEGIN SSH HOST KEY KEYS-----
ecdsa-sha2-nistp256 AAAAE2VjZHNhLXNoYTItbmlzdHAyNTYAAAAIbmlzdHAyNTYAAABBBIeEtCf5RGxCrJT9M5AfvZCD/DirjmE5/hj5j5ZnwFMeYA8JW1zDVQHB04ARUUfT/s+d5/sYVski22XJNRtmzUQ= root@ubuntu-bionic
ssh-ed25519 AAAAC3NzaC1lZDI1NTE5AAAAIGMnru04SlK5PNjSL2FHb/qjQOBOhCLdjZ2xmCfBeRgp root@ubuntu-bionic
ssh-rsa AAAAB3NzaC1yc2EAAAADAQABAAABAQD4sEFn7ef/tav8AVTyx8PkXD705qhzu31mXzjCGG6FSSiGloiVvaL7wNio2P5FoBUp4E1Il5FOABg1t5qfO1EaBdII46+s17oTeB2yB3z1cwIgoL+XJyaLTz+xY8vHOep4bmdpZP+b7Ya6+MPHfLhx1Wrc5DHwqonHI1XKP8KtGaayN4mp/62O2LR2YLRaxCOrXf9wr7D7aR2/P41hKyhoYr8Y3KOkAXYW/d/RGB3Lofl2SvVGru7Kf9Sd9/qTFwCtlwyXfqloobH7tMYyck+5kkv6Q8ps4xNsapYvTjEpzW02RhYjJyyMgg2LK9qvlCA5/Xu/j0oJVoBt8PFOzyQn root@ubuntu-bionic
-----END SSH HOST KEY KEYS-----
[   12.354293] cloud-init[1798]: Cloud-init v. 23.1.1-0ubuntu0~18.04.1 running 'modules:final' at Mon, 24 Apr 2023 07:15:20 +0000. Up 12.24 seconds.
[   12.355263] cloud-init[1798]: Cloud-init v. 23.1.1-0ubuntu0~18.04.1 finished at Mon, 24 Apr 2023 07:15:20 +0000. Datasource DataSourceNoCloud [seed=/dev/sdb][dsmode=net].  Up 12.34 seconds
[[0;32m  OK  [0m] Started Execute cloud user/final scripts.
[[0;32m  OK  [0m] Reached target Cloud-init target.

Ubuntu 18.04.6 LTS ubuntu-bionic ttyS0

ubuntu-bionic login: 